#
# There is insufficient memory for the Java Runtime Environment to continue.
# Native memory allocation (malloc) failed to allocate 1086576 bytes for Chunk::new
# Possible reasons:
#   The system is out of physical RAM or swap space
#   The process is running with CompressedOops enabled, and the Java Heap may be blocking the growth of the native heap
# Possible solutions:
#   Reduce memory load on the system
#   Increase physical memory or swap space
#   Check if swap backing store is full
#   Decrease Java heap size (-Xmx/-Xms)
#   Decrease number of Java threads
#   Decrease Java thread stack sizes (-Xss)
#   Set larger code cache with -XX:ReservedCodeCacheSize=
#   JVM is running with Zero Based Compressed Oops mode in which the Java heap is
#     placed in the first 32GB address space. The Java Heap base address is the
#     maximum limit for the native heap growth. Please use -XX:HeapBaseMinAddress
#     to set the Java Heap base and to place the Java Heap above 32GB virtual address.
# This output file may be truncated or incomplete.
#
#  Out of Memory Error (arena.cpp:168), pid=3224, tid=16540
#
# JRE version: Java(TM) SE Runtime Environment (21.0.6+8) (build 21.0.6+8-LTS-188)
# Java VM: Java HotSpot(TM) 64-Bit Server VM (21.0.6+8-LTS-188, mixed mode, sharing, tiered, compressed oops, compressed class ptrs, g1 gc, windows-amd64)
# No core dump will be written. Minidumps are not enabled by default on client versions of Windows
#

---------------  S U M M A R Y ------------

Command Line: -XX:+ShowCodeDetailsInExceptionMessages -Dspring.jmx.enabled=true -Dmanagement.endpoints.jmx.exposure.include=* -Dspring.application.admin.enabled=true -Dspring.boot.project.name=bookstore -Djava.rmi.server.hostname=localhost -Dcom.sun.management.jmxremote.port=45556 -Dcom.sun.management.jmxremote.authenticate=false -Dcom.sun.management.jmxremote.ssl=false com.book.bookstore.BookstoreApplication

Host: 13th Gen Intel(R) Core(TM) i5-1335U, 12 cores, 15G,  Windows 11 , 64 bit Build 26100 (10.0.26100.4484)
Time: Thu Jul 10 17:05:02 2025  Windows 11 , 64 bit Build 26100 (10.0.26100.4484) elapsed time: 79.827160 seconds (0d 0h 1m 19s)

---------------  T H R E A D  ---------------

Current thread (0x00000239cb9d9d10):  JavaThread "C2 CompilerThread2" daemon [_thread_in_native, id=16540, stack(0x0000008826200000,0x0000008826300000) (1024K)]


Current CompileTask:
C2:  79827 9589   !   4       org.springframework.beans.factory.support.AbstractAutowireCapableBeanFactory::getTypeForFactoryMethod (587 bytes)

Stack: [0x0000008826200000,0x0000008826300000]
Native frames: (J=compiled Java code, j=interpreted, Vv=VM code, C=native code)
V  [jvm.dll+0x6ca6d9]
V  [jvm.dll+0x854f51]
V  [jvm.dll+0x85747e]
V  [jvm.dll+0x857b53]
V  [jvm.dll+0x27dcc6]
V  [jvm.dll+0xc4c2d]
V  [jvm.dll+0xc5163]
V  [jvm.dll+0x3b5122]
V  [jvm.dll+0x381855]
V  [jvm.dll+0x380cca]
V  [jvm.dll+0x246920]
V  [jvm.dll+0x245eff]
V  [jvm.dll+0x1c6d2e]
V  [jvm.dll+0x2554f9]
V  [jvm.dll+0x253a8a]
V  [jvm.dll+0x3ee576]
V  [jvm.dll+0x7ff2fb]
V  [jvm.dll+0x6c8dbd]
C  [ucrtbase.dll+0x37b0]
C  [KERNEL32.DLL+0x2e8d7]
C  [ntdll.dll+0x3c34c]


---------------  P R O C E S S  ---------------

Threads class SMR info:
_java_thread_list=0x00000239c7f28dc0, length=22, elements={
0x00000239f92e4890, 0x00000239c50bb660, 0x00000239c50be270, 0x00000239c50bf610,
0x00000239f92ed0b0, 0x00000239c50c4330, 0x00000239c50c8fe0, 0x00000239c50cc230,
0x00000239c50c28f0, 0x00000239c50c49c0, 0x00000239c50c2f80, 0x00000239c50c5050,
0x00000239c50c3ca0, 0x00000239c648ef40, 0x00000239c6493770, 0x00000239c9fd2a60,
0x00000239c9fd3e10, 0x00000239c9fd1020, 0x00000239c9fd44a0, 0x00000239c9fd1d40,
0x00000239cb9dc5f0, 0x00000239cb9d9d10
}

Java Threads: ( => current thread )
  0x00000239f92e4890 JavaThread "Reference Handler"          daemon [_thread_blocked, id=20244, stack(0x0000008824600000,0x0000008824700000) (1024K)]
  0x00000239c50bb660 JavaThread "Finalizer"                  daemon [_thread_blocked, id=3028, stack(0x0000008824700000,0x0000008824800000) (1024K)]
  0x00000239c50be270 JavaThread "Signal Dispatcher"          daemon [_thread_blocked, id=19660, stack(0x0000008824800000,0x0000008824900000) (1024K)]
  0x00000239c50bf610 JavaThread "Attach Listener"            daemon [_thread_blocked, id=20172, stack(0x0000008824900000,0x0000008824a00000) (1024K)]
  0x00000239f92ed0b0 JavaThread "Service Thread"             daemon [_thread_blocked, id=7596, stack(0x0000008824a00000,0x0000008824b00000) (1024K)]
  0x00000239c50c4330 JavaThread "Monitor Deflation Thread"   daemon [_thread_blocked, id=12604, stack(0x0000008824b00000,0x0000008824c00000) (1024K)]
  0x00000239c50c8fe0 JavaThread "C2 CompilerThread0"         daemon [_thread_in_native, id=13912, stack(0x0000008824c00000,0x0000008824d00000) (1024K)]
  0x00000239c50cc230 JavaThread "C1 CompilerThread0"         daemon [_thread_blocked, id=8756, stack(0x0000008824d00000,0x0000008824e00000) (1024K)]
  0x00000239c50c28f0 JavaThread "Common-Cleaner"             daemon [_thread_blocked, id=9144, stack(0x0000008824e00000,0x0000008824f00000) (1024K)]
  0x00000239c50c49c0 JavaThread "Notification Thread"        daemon [_thread_blocked, id=18788, stack(0x0000008824f00000,0x0000008825000000) (1024K)]
  0x00000239c50c2f80 JavaThread "RMI TCP Accept-0"           daemon [_thread_in_native, id=12556, stack(0x0000008825200000,0x0000008825300000) (1024K)]
  0x00000239c50c5050 JavaThread "RMI TCP Accept-45556"       daemon [_thread_in_native, id=3620, stack(0x0000008825300000,0x0000008825400000) (1024K)]
  0x00000239c50c3ca0 JavaThread "RMI TCP Accept-0"           daemon [_thread_in_native, id=9212, stack(0x0000008825400000,0x0000008825500000) (1024K)]
  0x00000239c648ef40 JavaThread "mysql-cj-abandoned-connection-cleanup" daemon [_thread_blocked, id=19276, stack(0x0000008826500000,0x0000008826600000) (1024K)]
  0x00000239c6493770 JavaThread "Live Reload Server"         daemon [_thread_in_native, id=6348, stack(0x0000008826c00000,0x0000008826d00000) (1024K)]
  0x00000239c9fd2a60 JavaThread "DestroyJavaVM"                     [_thread_blocked, id=6948, stack(0x0000008823e00000,0x0000008823f00000) (1024K)]
  0x00000239c9fd3e10 JavaThread "Thread-5"                          [_thread_blocked, id=14680, stack(0x0000008823b00000,0x0000008823c00000) (1024K)]
  0x00000239c9fd1020 JavaThread "parallel-1"                 daemon [_thread_blocked, id=5420, stack(0x0000008823c00000,0x0000008823d00000) (1024K)]
  0x00000239c9fd44a0 JavaThread "File Watcher"               daemon [_thread_blocked, id=4932, stack(0x0000008823d00000,0x0000008823e00000) (1024K)]
  0x00000239c9fd1d40 JavaThread "restartedMain"                     [_thread_in_Java, id=13812, stack(0x0000008825e00000,0x0000008825f00000) (1024K)]
  0x00000239cb9dc5f0 JavaThread "C2 CompilerThread1"         daemon [_thread_in_native, id=10008, stack(0x0000008825000000,0x0000008825100000) (1024K)]
=>0x00000239cb9d9d10 JavaThread "C2 CompilerThread2"         daemon [_thread_in_native, id=16540, stack(0x0000008826200000,0x0000008826300000) (1024K)]
Total: 22

Other Threads:
  0x00000239f92d07f0 VMThread "VM Thread"                           [id=5740, stack(0x0000008824500000,0x0000008824600000) (1024K)]
  0x00000239f92c0240 WatcherThread "VM Periodic Task Thread"        [id=19140, stack(0x0000008824400000,0x0000008824500000) (1024K)]
  0x00000239f910f890 WorkerThread "GC Thread#0"                     [id=12448, stack(0x0000008823f00000,0x0000008824000000) (1024K)]
  0x00000239c5d6ebe0 WorkerThread "GC Thread#1"                     [id=13400, stack(0x0000008825500000,0x0000008825600000) (1024K)]
  0x00000239c5d6ef80 WorkerThread "GC Thread#2"                     [id=6432, stack(0x0000008825600000,0x0000008825700000) (1024K)]
  0x00000239c5d6f320 WorkerThread "GC Thread#3"                     [id=17712, stack(0x0000008825700000,0x0000008825800000) (1024K)]
  0x00000239c5ef7c30 WorkerThread "GC Thread#4"                     [id=5920, stack(0x0000008825800000,0x0000008825900000) (1024K)]
  0x00000239c5ef7fd0 WorkerThread "GC Thread#5"                     [id=4736, stack(0x0000008825900000,0x0000008825a00000) (1024K)]
  0x00000239c5ebf120 WorkerThread "GC Thread#6"                     [id=18104, stack(0x0000008825a00000,0x0000008825b00000) (1024K)]
  0x00000239c5ebf4c0 WorkerThread "GC Thread#7"                     [id=9972, stack(0x0000008825b00000,0x0000008825c00000) (1024K)]
  0x00000239c5d89a70 WorkerThread "GC Thread#8"                     [id=3928, stack(0x0000008825c00000,0x0000008825d00000) (1024K)]
  0x00000239c6332490 WorkerThread "GC Thread#9"                     [id=20344, stack(0x0000008825f00000,0x0000008826000000) (1024K)]
  0x00000239f9110510 ConcurrentGCThread "G1 Main Marker"            [id=12828, stack(0x0000008824000000,0x0000008824100000) (1024K)]
  0x00000239dc906d60 WorkerThread "G1 Conc#0"                       [id=9584, stack(0x0000008824100000,0x0000008824200000) (1024K)]
  0x00000239c696b900 WorkerThread "G1 Conc#1"                       [id=18620, stack(0x0000008826000000,0x0000008826100000) (1024K)]
  0x00000239c696c3e0 WorkerThread "G1 Conc#2"                       [id=1264, stack(0x0000008826100000,0x0000008826200000) (1024K)]
  0x00000239f9189c90 ConcurrentGCThread "G1 Refine#0"               [id=7492, stack(0x0000008824200000,0x0000008824300000) (1024K)]
  0x00000239f918a850 ConcurrentGCThread "G1 Service"                [id=16408, stack(0x0000008824300000,0x0000008824400000) (1024K)]
Total: 18

Threads with active compile tasks:
C2 CompilerThread0    79856 9701       4       java.net.URL::openConnection (9 bytes)
C2 CompilerThread1    79856 9710       4       java.lang.AbstractStringBuilder::<init> (63 bytes)
C2 CompilerThread2    79856 9589   !   4       org.springframework.beans.factory.support.AbstractAutowireCapableBeanFactory::getTypeForFactoryMethod (587 bytes)
Total: 3

VM state: not at safepoint (normal execution)

VM Mutex/Monitor currently owned by a thread: None

Heap address: 0x0000000704000000, size: 4032 MB, Compressed Oops mode: Zero based, Oop shift amount: 3

CDS archive(s) mapped at: [0x0000023980000000-0x0000023980c90000-0x0000023980c90000), size 13172736, SharedBaseAddress: 0x0000023980000000, ArchiveRelocationMode: 1.
Compressed class space mapped at: 0x0000023981000000-0x00000239c1000000, reserved size: 1073741824
Narrow klass base: 0x0000023980000000, Narrow klass shift: 0, Narrow klass range: 0x100000000

GC Precious Log:
 CardTable entry size: 512
 Card Set container configuration: InlinePtr #cards 4 size 8 Array Of Cards #cards 16 size 48 Howl #buckets 8 coarsen threshold 3686 Howl Bitmap #cards 512 size 80 coarsen threshold 460 Card regions per heap region 1 cards per card region 4096
 CPUs: 12 total, 12 available
 Memory: 16122M
 Large Page Support: Disabled
 NUMA Support: Disabled
 Compressed Oops: Enabled (Zero based)
 Heap Region Size: 2M
 Heap Min Capacity: 8M
 Heap Initial Capacity: 252M
 Heap Max Capacity: 4032M
 Pre-touch: Disabled
 Parallel Workers: 10
 Concurrent Workers: 3
 Concurrent Refinement Workers: 10
 Periodic GC: Disabled

Heap:
 garbage-first heap   total 131072K, used 98297K [0x0000000704000000, 0x0000000800000000)
  region size 2048K, 28 young (57344K), 2 survivors (4096K)
 Metaspace       used 96086K, committed 97088K, reserved 1179648K
  class space    used 12941K, committed 13376K, reserved 1048576K

Heap Regions: E=young(eden), S=young(survivor), O=old, HS=humongous(starts), HC=humongous(continues), CS=collection set, F=free, TAMS=top-at-mark-start, PB=parsable bottom
|   0|0x0000000704000000, 0x0000000704200000, 0x0000000704200000|100%| O|  |TAMS 0x0000000704000000| PB 0x0000000704000000| Untracked 
|   1|0x0000000704200000, 0x00000007043fffe8, 0x0000000704400000| 99%| O|  |TAMS 0x0000000704200000| PB 0x0000000704200000| Untracked 
|   2|0x0000000704400000, 0x00000007045ffff8, 0x0000000704600000| 99%| O|  |TAMS 0x0000000704400000| PB 0x0000000704400000| Untracked 
|   3|0x0000000704600000, 0x00000007047fffa0, 0x0000000704800000| 99%| O|  |TAMS 0x0000000704600000| PB 0x0000000704600000| Untracked 
|   4|0x0000000704800000, 0x00000007049fffb0, 0x0000000704a00000| 99%| O|  |TAMS 0x0000000704800000| PB 0x0000000704800000| Untracked 
|   5|0x0000000704a00000, 0x0000000704bfff98, 0x0000000704c00000| 99%| O|  |TAMS 0x0000000704a00000| PB 0x0000000704a00000| Untracked 
|   6|0x0000000704c00000, 0x0000000704dfffe8, 0x0000000704e00000| 99%| O|  |TAMS 0x0000000704c00000| PB 0x0000000704c00000| Untracked 
|   7|0x0000000704e00000, 0x0000000704ffff48, 0x0000000705000000| 99%| O|  |TAMS 0x0000000704e00000| PB 0x0000000704e00000| Untracked 
|   8|0x0000000705000000, 0x00000007051fffa8, 0x0000000705200000| 99%| O|  |TAMS 0x0000000705000000| PB 0x0000000705000000| Untracked 
|   9|0x0000000705200000, 0x00000007053fffe8, 0x0000000705400000| 99%| O|  |TAMS 0x0000000705200000| PB 0x0000000705200000| Untracked 
|  10|0x0000000705400000, 0x00000007055ff8b8, 0x0000000705600000| 99%| O|  |TAMS 0x0000000705400000| PB 0x0000000705400000| Untracked 
|  11|0x0000000705600000, 0x00000007057ffff0, 0x0000000705800000| 99%| O|  |TAMS 0x0000000705600000| PB 0x0000000705600000| Untracked 
|  12|0x0000000705800000, 0x00000007059fffe8, 0x0000000705a00000| 99%| O|  |TAMS 0x0000000705800000| PB 0x0000000705800000| Untracked 
|  13|0x0000000705a00000, 0x0000000705bfffd0, 0x0000000705c00000| 99%| O|  |TAMS 0x0000000705a00000| PB 0x0000000705a00000| Untracked 
|  14|0x0000000705c00000, 0x0000000705d91d68, 0x0000000705e00000| 78%| O|  |TAMS 0x0000000705c00000| PB 0x0000000705c00000| Untracked 
|  15|0x0000000705e00000, 0x0000000706000000, 0x0000000706000000|100%| O|  |TAMS 0x0000000705e00000| PB 0x0000000705e00000| Untracked 
|  16|0x0000000706000000, 0x00000007060de170, 0x0000000706200000| 43%| O|Cm|TAMS 0x0000000706000000| PB 0x0000000706000000| Complete 
|  17|0x0000000706200000, 0x0000000706400000, 0x0000000706400000|100%| O|  |TAMS 0x0000000706200000| PB 0x0000000706200000| Untracked 
|  18|0x0000000706400000, 0x00000007065fd660, 0x0000000706600000| 99%| O|  |TAMS 0x0000000706400000| PB 0x0000000706400000| Untracked 
|  19|0x0000000706600000, 0x000000070671eab8, 0x0000000706800000| 55%| O|  |TAMS 0x0000000706600000| PB 0x0000000706600000| Untracked 
|  20|0x0000000706800000, 0x000000070696a0c8, 0x0000000706a00000| 70%| O|  |TAMS 0x0000000706800000| PB 0x0000000706800000| Untracked 
|  21|0x0000000706a00000, 0x0000000706a00000, 0x0000000706c00000|  0%| F|  |TAMS 0x0000000706a00000| PB 0x0000000706a00000| Untracked 
|  22|0x0000000706c00000, 0x0000000706d090b0, 0x0000000706e00000| 51%| O|  |TAMS 0x0000000706c00000| PB 0x0000000706c00000| Untracked 
|  23|0x0000000706e00000, 0x0000000706e00000, 0x0000000707000000|  0%| F|  |TAMS 0x0000000706e00000| PB 0x0000000706e00000| Untracked 
|  24|0x0000000707000000, 0x0000000707000000, 0x0000000707200000|  0%| F|  |TAMS 0x0000000707000000| PB 0x0000000707000000| Untracked 
|  25|0x0000000707200000, 0x0000000707200000, 0x0000000707400000|  0%| F|  |TAMS 0x0000000707200000| PB 0x0000000707200000| Untracked 
|  26|0x0000000707400000, 0x0000000707400000, 0x0000000707600000|  0%| F|  |TAMS 0x0000000707400000| PB 0x0000000707400000| Untracked 
|  27|0x0000000707600000, 0x0000000707600000, 0x0000000707800000|  0%| F|  |TAMS 0x0000000707600000| PB 0x0000000707600000| Untracked 
|  28|0x0000000707800000, 0x0000000707800000, 0x0000000707a00000|  0%| F|  |TAMS 0x0000000707800000| PB 0x0000000707800000| Untracked 
|  29|0x0000000707a00000, 0x0000000707c00000, 0x0000000707c00000|100%| O|  |TAMS 0x0000000707a00000| PB 0x0000000707a00000| Untracked 
|  30|0x0000000707c00000, 0x0000000707e00000, 0x0000000707e00000|100%| S|CS|TAMS 0x0000000707c00000| PB 0x0000000707c00000| Complete 
|  31|0x0000000707e00000, 0x0000000708000000, 0x0000000708000000|100%| S|CS|TAMS 0x0000000707e00000| PB 0x0000000707e00000| Complete 
|  32|0x0000000708000000, 0x0000000708000000, 0x0000000708200000|  0%| F|  |TAMS 0x0000000708000000| PB 0x0000000708000000| Untracked 
|  33|0x0000000708200000, 0x0000000708200000, 0x0000000708400000|  0%| F|  |TAMS 0x0000000708200000| PB 0x0000000708200000| Untracked 
|  34|0x0000000708400000, 0x0000000708400000, 0x0000000708600000|  0%| F|  |TAMS 0x0000000708400000| PB 0x0000000708400000| Untracked 
|  35|0x0000000708600000, 0x0000000708600000, 0x0000000708800000|  0%| F|  |TAMS 0x0000000708600000| PB 0x0000000708600000| Untracked 
|  36|0x0000000708800000, 0x0000000708800000, 0x0000000708a00000|  0%| F|  |TAMS 0x0000000708800000| PB 0x0000000708800000| Untracked 
|  37|0x0000000708a00000, 0x0000000708a00000, 0x0000000708c00000|  0%| F|  |TAMS 0x0000000708a00000| PB 0x0000000708a00000| Untracked 
|  38|0x0000000708c00000, 0x0000000708c40f00, 0x0000000708e00000| 12%| E|  |TAMS 0x0000000708c00000| PB 0x0000000708c00000| Complete 
|  39|0x0000000708e00000, 0x0000000709000000, 0x0000000709000000|100%| E|CS|TAMS 0x0000000708e00000| PB 0x0000000708e00000| Complete 
|  40|0x0000000709000000, 0x0000000709200000, 0x0000000709200000|100%| E|CS|TAMS 0x0000000709000000| PB 0x0000000709000000| Complete 
|  41|0x0000000709200000, 0x0000000709400000, 0x0000000709400000|100%| E|CS|TAMS 0x0000000709200000| PB 0x0000000709200000| Complete 
|  42|0x0000000709400000, 0x0000000709600000, 0x0000000709600000|100%| E|CS|TAMS 0x0000000709400000| PB 0x0000000709400000| Complete 
|  43|0x0000000709600000, 0x0000000709800000, 0x0000000709800000|100%| E|CS|TAMS 0x0000000709600000| PB 0x0000000709600000| Complete 
|  44|0x0000000709800000, 0x0000000709a00000, 0x0000000709a00000|100%| E|CS|TAMS 0x0000000709800000| PB 0x0000000709800000| Complete 
|  45|0x0000000709a00000, 0x0000000709c00000, 0x0000000709c00000|100%| E|CS|TAMS 0x0000000709a00000| PB 0x0000000709a00000| Complete 
|  46|0x0000000709c00000, 0x0000000709e00000, 0x0000000709e00000|100%| E|CS|TAMS 0x0000000709c00000| PB 0x0000000709c00000| Complete 
|  47|0x0000000709e00000, 0x000000070a000000, 0x000000070a000000|100%| E|CS|TAMS 0x0000000709e00000| PB 0x0000000709e00000| Complete 
|  48|0x000000070a000000, 0x000000070a200000, 0x000000070a200000|100%| E|CS|TAMS 0x000000070a000000| PB 0x000000070a000000| Complete 
|  49|0x000000070a200000, 0x000000070a400000, 0x000000070a400000|100%| E|CS|TAMS 0x000000070a200000| PB 0x000000070a200000| Complete 
|  50|0x000000070a400000, 0x000000070a600000, 0x000000070a600000|100%| E|CS|TAMS 0x000000070a400000| PB 0x000000070a400000| Complete 
|  51|0x000000070a600000, 0x000000070a800000, 0x000000070a800000|100%| E|CS|TAMS 0x000000070a600000| PB 0x000000070a600000| Complete 
|  52|0x000000070a800000, 0x000000070aa00000, 0x000000070aa00000|100%| E|CS|TAMS 0x000000070a800000| PB 0x000000070a800000| Complete 
|  53|0x000000070aa00000, 0x000000070ac00000, 0x000000070ac00000|100%| E|CS|TAMS 0x000000070aa00000| PB 0x000000070aa00000| Complete 
|  54|0x000000070ac00000, 0x000000070ae00000, 0x000000070ae00000|100%| E|CS|TAMS 0x000000070ac00000| PB 0x000000070ac00000| Complete 
|  55|0x000000070ae00000, 0x000000070b000000, 0x000000070b000000|100%| E|CS|TAMS 0x000000070ae00000| PB 0x000000070ae00000| Complete 
|  56|0x000000070b000000, 0x000000070b200000, 0x000000070b200000|100%| E|CS|TAMS 0x000000070b000000| PB 0x000000070b000000| Complete 
|  57|0x000000070b200000, 0x000000070b400000, 0x000000070b400000|100%| E|CS|TAMS 0x000000070b200000| PB 0x000000070b200000| Complete 
|  58|0x000000070b400000, 0x000000070b600000, 0x000000070b600000|100%| E|CS|TAMS 0x000000070b400000| PB 0x000000070b400000| Complete 
|  59|0x000000070b600000, 0x000000070b800000, 0x000000070b800000|100%| E|CS|TAMS 0x000000070b600000| PB 0x000000070b600000| Complete 
|  60|0x000000070b800000, 0x000000070ba00000, 0x000000070ba00000|100%| E|CS|TAMS 0x000000070b800000| PB 0x000000070b800000| Complete 
|  61|0x000000070ba00000, 0x000000070bc00000, 0x000000070bc00000|100%| E|CS|TAMS 0x000000070ba00000| PB 0x000000070ba00000| Complete 
| 103|0x0000000710e00000, 0x0000000711000000, 0x0000000711000000|100%| E|CS|TAMS 0x0000000710e00000| PB 0x0000000710e00000| Complete 
| 125|0x0000000713a00000, 0x0000000713c00000, 0x0000000713c00000|100%| E|CS|TAMS 0x0000000713a00000| PB 0x0000000713a00000| Complete 

Card table byte_map: [0x00000239f4a10000,0x00000239f51f0000] _byte_map_base: 0x00000239f11f0000

Marking Bits: (CMBitMap*) 0x00000239f910fea0
 Bits: [0x00000239f51f0000, 0x00000239f90f0000)

Polling page: 0x00000239da840000

Metaspace:

Usage:
  Non-class:     81.20 MB used.
      Class:     12.64 MB used.
       Both:     93.83 MB used.

Virtual space:
  Non-class space:      128.00 MB reserved,      81.75 MB ( 64%) committed,  2 nodes.
      Class space:        1.00 GB reserved,      13.06 MB (  1%) committed,  1 nodes.
             Both:        1.12 GB reserved,      94.81 MB (  8%) committed. 

Chunk freelists:
   Non-Class:  14.10 MB
       Class:  2.88 MB
        Both:  16.98 MB

MaxMetaspaceSize: unlimited
CompressedClassSpaceSize: 1.00 GB
Initial GC threshold: 21.00 MB
Current GC threshold: 157.75 MB
CDS: on
 - commit_granule_bytes: 65536.
 - commit_granule_words: 8192.
 - virtual_space_node_default_size: 8388608.
 - enlarge_chunks_in_place: 1.
 - use_allocation_guard: 0.


Internal statistics:

num_allocs_failed_limit: 15.
num_arena_births: 1488.
num_arena_deaths: 0.
num_vsnodes_births: 3.
num_vsnodes_deaths: 0.
num_space_committed: 1516.
num_space_uncommitted: 0.
num_chunks_returned_to_freelist: 15.
num_chunks_taken_from_freelist: 4851.
num_chunk_merges: 15.
num_chunk_splits: 3502.
num_chunks_enlarged: 2719.
num_inconsistent_stats: 0.

CodeHeap 'non-profiled nmethods': size=120000Kb used=5666Kb max_used=6820Kb free=114333Kb
 bounds [0x00000239ec7a0000, 0x00000239ece50000, 0x00000239f3cd0000]
CodeHeap 'profiled nmethods': size=120000Kb used=14699Kb max_used=16875Kb free=105301Kb
 bounds [0x00000239e4cd0000, 0x00000239e5d50000, 0x00000239ec200000]
CodeHeap 'non-nmethods': size=5760Kb used=1793Kb max_used=1842Kb free=3966Kb
 bounds [0x00000239ec200000, 0x00000239ec470000, 0x00000239ec7a0000]
 total_blobs=8142 nmethods=7349 adapters=694
 compilation: enabled
              stopped_count=0, restarted_count=0
 full_count=0

Compilation events (20 events):
Event: 77.790 Thread 0x00000239c50cc230 nmethod 9706 0x00000239e4e5c690 code [0x00000239e4e5c840, 0x00000239e4e5c998]
Event: 77.790 Thread 0x00000239c50cc230 9707       3       java.util.jar.Attributes::getValue (12 bytes)
Event: 77.790 Thread 0x00000239c50cc230 nmethod 9707 0x00000239e5058990 code [0x00000239e5058bc0, 0x00000239e5059300]
Event: 77.792 Thread 0x00000239cb9dc5f0 9708   !   4       java.lang.String::<init> (890 bytes)
Event: 77.802 Thread 0x00000239c50cc230 9709       3       java.lang.String::formatted (16 bytes)
Event: 77.802 Thread 0x00000239c50cc230 nmethod 9709 0x00000239e5336e10 code [0x00000239e5337060, 0x00000239e5337828]
Event: 77.803 Thread 0x00000239c50cc230 9712       3       java.net.URI::<init> (13 bytes)
Event: 77.803 Thread 0x00000239c50cc230 nmethod 9712 0x00000239e4f6ac10 code [0x00000239e4f6adc0, 0x00000239e4f6af28]
Event: 77.803 Thread 0x00000239c50cc230 9713       3       java.net.URI::<init> (51 bytes)
Event: 77.803 Thread 0x00000239c50cc230 nmethod 9713 0x00000239e4dc3b10 code [0x00000239e4dc3d00, 0x00000239e4dc4208]
Event: 77.803 Thread 0x00000239c50cc230 9714       3       java.net.URI::toString (60 bytes)
Event: 77.803 Thread 0x00000239c50cc230 nmethod 9714 0x00000239e5465a10 code [0x00000239e5465c40, 0x00000239e5466280]
Event: 77.803 Thread 0x00000239c50cc230 9715       3       java.net.URI::appendSchemeSpecificPart (158 bytes)
Event: 77.804 Thread 0x00000239c50cc230 nmethod 9715 0x00000239e51b7490 code [0x00000239e51b77a0, 0x00000239e51b83d8]
Event: 77.804 Thread 0x00000239c50cc230 9716       3       java.net.URI::appendAuthority (232 bytes)
Event: 77.805 Thread 0x00000239c50cc230 nmethod 9716 0x00000239e5864990 code [0x00000239e5864d80, 0x00000239e58662c0]
Event: 77.805 Thread 0x00000239c50cc230 9717       3       java.net.URI::appendFragment (27 bytes)
Event: 77.805 Thread 0x00000239c50cc230 nmethod 9717 0x00000239e4f35c10 code [0x00000239e4f35de0, 0x00000239e4f360c0]
Event: 77.806 Thread 0x00000239c50cc230 9719       3       java.lang.Long::compare (22 bytes)
Event: 77.806 Thread 0x00000239c50cc230 nmethod 9719 0x00000239e4f56210 code [0x00000239e4f563c0, 0x00000239e4f565b0]

GC Heap History (20 events):
Event: 2.053 GC heap before
{Heap before GC invocations=6 (full 0):
 garbage-first heap   total 61440K, used 44912K [0x0000000704000000, 0x0000000800000000)
  region size 2048K, 14 young (28672K), 2 survivors (4096K)
 Metaspace       used 28656K, committed 29120K, reserved 1114112K
  class space    used 3474K, committed 3648K, reserved 1048576K
}
Event: 2.055 GC heap after
{Heap after GC invocations=7 (full 0):
 garbage-first heap   total 61440K, used 21948K [0x0000000704000000, 0x0000000800000000)
  region size 2048K, 2 young (4096K), 2 survivors (4096K)
 Metaspace       used 28656K, committed 29120K, reserved 1114112K
  class space    used 3474K, committed 3648K, reserved 1048576K
}
Event: 2.447 GC heap before
{Heap before GC invocations=7 (full 0):
 garbage-first heap   total 61440K, used 48572K [0x0000000704000000, 0x0000000800000000)
  region size 2048K, 15 young (30720K), 2 survivors (4096K)
 Metaspace       used 32951K, committed 33536K, reserved 1114112K
  class space    used 4138K, committed 4416K, reserved 1048576K
}
Event: 2.449 GC heap after
{Heap after GC invocations=8 (full 0):
 garbage-first heap   total 61440K, used 23893K [0x0000000704000000, 0x0000000800000000)
  region size 2048K, 2 young (4096K), 2 survivors (4096K)
 Metaspace       used 32951K, committed 33536K, reserved 1114112K
  class space    used 4138K, committed 4416K, reserved 1048576K
}
Event: 2.729 GC heap before
{Heap before GC invocations=8 (full 0):
 garbage-first heap   total 61440K, used 40277K [0x0000000704000000, 0x0000000800000000)
  region size 2048K, 11 young (22528K), 2 survivors (4096K)
 Metaspace       used 35425K, committed 35968K, reserved 1114112K
  class space    used 4546K, committed 4800K, reserved 1048576K
}
Event: 2.732 GC heap after
{Heap after GC invocations=9 (full 0):
 garbage-first heap   total 61440K, used 25855K [0x0000000704000000, 0x0000000800000000)
  region size 2048K, 2 young (4096K), 2 survivors (4096K)
 Metaspace       used 35425K, committed 35968K, reserved 1114112K
  class space    used 4546K, committed 4800K, reserved 1048576K
}
Event: 3.128 GC heap before
{Heap before GC invocations=10 (full 0):
 garbage-first heap   total 61440K, used 48383K [0x0000000704000000, 0x0000000800000000)
  region size 2048K, 14 young (28672K), 2 survivors (4096K)
 Metaspace       used 39292K, committed 39872K, reserved 1114112K
  class space    used 4984K, committed 5248K, reserved 1048576K
}
Event: 3.132 GC heap after
{Heap after GC invocations=11 (full 0):
 garbage-first heap   total 159744K, used 28773K [0x0000000704000000, 0x0000000800000000)
  region size 2048K, 2 young (4096K), 2 survivors (4096K)
 Metaspace       used 39292K, committed 39872K, reserved 1114112K
  class space    used 4984K, committed 5248K, reserved 1048576K
}
Event: 4.271 GC heap before
{Heap before GC invocations=11 (full 0):
 garbage-first heap   total 159744K, used 106597K [0x0000000704000000, 0x0000000800000000)
  region size 2048K, 41 young (83968K), 2 survivors (4096K)
 Metaspace       used 59477K, committed 60096K, reserved 1114112K
  class space    used 7781K, committed 8064K, reserved 1048576K
}
Event: 4.278 GC heap after
{Heap after GC invocations=12 (full 0):
 garbage-first heap   total 159744K, used 34765K [0x0000000704000000, 0x0000000800000000)
  region size 2048K, 5 young (10240K), 5 survivors (10240K)
 Metaspace       used 59477K, committed 60096K, reserved 1114112K
  class space    used 7781K, committed 8064K, reserved 1048576K
}
Event: 4.284 GC heap before
{Heap before GC invocations=12 (full 0):
 garbage-first heap   total 159744K, used 34765K [0x0000000704000000, 0x0000000800000000)
  region size 2048K, 6 young (12288K), 5 survivors (10240K)
 Metaspace       used 59743K, committed 60416K, reserved 1114112K
  class space    used 7804K, committed 8128K, reserved 1048576K
}
Event: 4.289 GC heap after
{Heap after GC invocations=13 (full 0):
 garbage-first heap   total 159744K, used 35300K [0x0000000704000000, 0x0000000800000000)
  region size 2048K, 1 young (2048K), 1 survivors (2048K)
 Metaspace       used 59743K, committed 60416K, reserved 1114112K
  class space    used 7804K, committed 8128K, reserved 1048576K
}
Event: 6.195 GC heap before
{Heap before GC invocations=14 (full 0):
 garbage-first heap   total 131072K, used 111076K [0x0000000704000000, 0x0000000800000000)
  region size 2048K, 38 young (77824K), 1 survivors (2048K)
 Metaspace       used 72648K, committed 73344K, reserved 1114112K
  class space    used 9741K, committed 10048K, reserved 1048576K
}
Event: 6.198 GC heap after
{Heap after GC invocations=15 (full 0):
 garbage-first heap   total 131072K, used 40910K [0x0000000704000000, 0x0000000800000000)
  region size 2048K, 4 young (8192K), 4 survivors (8192K)
 Metaspace       used 72648K, committed 73344K, reserved 1114112K
  class space    used 9741K, committed 10048K, reserved 1048576K
}
Event: 7.310 GC heap before
{Heap before GC invocations=15 (full 0):
 garbage-first heap   total 131072K, used 110542K [0x0000000704000000, 0x0000000800000000)
  region size 2048K, 38 young (77824K), 4 survivors (8192K)
 Metaspace       used 84622K, committed 85504K, reserved 1179648K
  class space    used 11371K, committed 11776K, reserved 1048576K
}
Event: 7.317 GC heap after
{Heap after GC invocations=16 (full 0):
 garbage-first heap   total 131072K, used 48158K [0x0000000704000000, 0x0000000800000000)
  region size 2048K, 4 young (8192K), 4 survivors (8192K)
 Metaspace       used 84622K, committed 85504K, reserved 1179648K
  class space    used 11371K, committed 11776K, reserved 1048576K
}
Event: 72.445 GC heap before
{Heap before GC invocations=16 (full 0):
 garbage-first heap   total 131072K, used 99358K [0x0000000704000000, 0x0000000800000000)
  region size 2048K, 31 young (63488K), 4 survivors (8192K)
 Metaspace       used 95654K, committed 96576K, reserved 1179648K
  class space    used 12875K, committed 13312K, reserved 1048576K
}
Event: 72.497 GC heap after
{Heap after GC invocations=17 (full 1):
 garbage-first heap   total 131072K, used 43001K [0x0000000704000000, 0x0000000800000000)
  region size 2048K, 0 young (0K), 0 survivors (0K)
 Metaspace       used 95654K, committed 96576K, reserved 1179648K
  class space    used 12875K, committed 13312K, reserved 1048576K
}
Event: 75.215 GC heap before
{Heap before GC invocations=17 (full 1):
 garbage-first heap   total 131072K, used 108537K [0x0000000704000000, 0x0000000800000000)
  region size 2048K, 32 young (65536K), 0 survivors (0K)
 Metaspace       used 95904K, committed 96896K, reserved 1179648K
  class space    used 12928K, committed 13376K, reserved 1048576K
}
Event: 75.217 GC heap after
{Heap after GC invocations=18 (full 1):
 garbage-first heap   total 131072K, used 47097K [0x0000000704000000, 0x0000000800000000)
  region size 2048K, 2 young (4096K), 2 survivors (4096K)
 Metaspace       used 95904K, committed 96896K, reserved 1179648K
  class space    used 12928K, committed 13376K, reserved 1048576K
}

Dll operation events (11 events):
Event: 0.007 Loaded shared library C:\Program Files\Java\jdk-21\bin\java.dll
Event: 0.040 Loaded shared library C:\Program Files\Java\jdk-21\bin\jsvml.dll
Event: 0.100 Loaded shared library C:\Program Files\Java\jdk-21\bin\jimage.dll
Event: 0.104 Loaded shared library C:\Program Files\Java\jdk-21\bin\net.dll
Event: 0.106 Loaded shared library C:\Program Files\Java\jdk-21\bin\nio.dll
Event: 0.107 Loaded shared library C:\Program Files\Java\jdk-21\bin\zip.dll
Event: 0.161 Loaded shared library C:\Program Files\Java\jdk-21\bin\management.dll
Event: 0.166 Loaded shared library C:\Program Files\Java\jdk-21\bin\management_ext.dll
Event: 0.321 Loaded shared library C:\Program Files\Java\jdk-21\bin\extnet.dll
Event: 1.073 Loaded shared library C:\Program Files\Java\jdk-21\bin\sunmscapi.dll
Event: 3.783 Loaded shared library C:\Program Files\Java\jdk-21\bin\verify.dll

Deoptimization events (20 events):
Event: 76.439 Thread 0x00000239c9fd1d40 DEOPT PACKING pc=0x00000239ecde0bec sp=0x0000008825efd9e0
Event: 76.440 Thread 0x00000239c9fd1d40 DEOPT UNPACKING pc=0x00000239ec2546a2 sp=0x0000008825efd968 mode 2
Event: 76.455 Thread 0x00000239c9fd1d40 Uncommon trap: trap_request=0xffffffde fr.pc=0x00000239ecc1828c relative=0x000000000000206c
Event: 76.455 Thread 0x00000239c9fd1d40 Uncommon trap: reason=class_check action=maybe_recompile pc=0x00000239ecc1828c method=org.springframework.core.annotation.AnnotatedElementUtils.getAnnotationAttributes(Lorg/springframework/core/annotation/MergedAnnotation;ZZ)Lorg/springframework/core/anno
Event: 76.455 Thread 0x00000239c9fd1d40 DEOPT PACKING pc=0x00000239ecc1828c sp=0x0000008825efdc40
Event: 76.455 Thread 0x00000239c9fd1d40 DEOPT UNPACKING pc=0x00000239ec2546a2 sp=0x0000008825efdbf8 mode 2
Event: 76.455 Thread 0x00000239c9fd1d40 Uncommon trap: trap_request=0xffffffde fr.pc=0x00000239ecc1828c relative=0x000000000000206c
Event: 76.455 Thread 0x00000239c9fd1d40 Uncommon trap: reason=class_check action=maybe_recompile pc=0x00000239ecc1828c method=org.springframework.core.annotation.AnnotatedElementUtils.getAnnotationAttributes(Lorg/springframework/core/annotation/MergedAnnotation;ZZ)Lorg/springframework/core/anno
Event: 76.455 Thread 0x00000239c9fd1d40 DEOPT PACKING pc=0x00000239ecc1828c sp=0x0000008825efdc40
Event: 76.455 Thread 0x00000239c9fd1d40 DEOPT UNPACKING pc=0x00000239ec2546a2 sp=0x0000008825efdbf8 mode 2
Event: 77.728 Thread 0x00000239c9fd1d40 Uncommon trap: trap_request=0xffffff45 fr.pc=0x00000239ec9b26f8 relative=0x00000000000003d8
Event: 77.729 Thread 0x00000239c9fd1d40 Uncommon trap: reason=unstable_if action=reinterpret pc=0x00000239ec9b26f8 method=org.springframework.beans.factory.support.DefaultSingletonBeanRegistry.getSingleton(Ljava/lang/String;Z)Ljava/lang/Object; @ 20 c2
Event: 77.729 Thread 0x00000239c9fd1d40 DEOPT PACKING pc=0x00000239ec9b26f8 sp=0x0000008825efca70
Event: 77.729 Thread 0x00000239c9fd1d40 DEOPT UNPACKING pc=0x00000239ec2546a2 sp=0x0000008825efc960 mode 2
Event: 77.738 Thread 0x00000239c9fd1d40 Uncommon trap: trap_request=0xffffff6e fr.pc=0x00000239ecd376c8 relative=0x0000000000000a68
Event: 77.738 Thread 0x00000239c9fd1d40 Uncommon trap: reason=loop_limit_check action=maybe_recompile pc=0x00000239ecd376c8 method=org.springframework.boot.context.properties.source.ConfigurationPropertyName.endsWithElementsEqualTo(Lorg/springframework/boot/context/properties/source/Configurati
Event: 77.738 Thread 0x00000239c9fd1d40 DEOPT PACKING pc=0x00000239ecd376c8 sp=0x0000008825efbd50
Event: 77.738 Thread 0x00000239c9fd1d40 DEOPT UNPACKING pc=0x00000239ec2546a2 sp=0x0000008825efbd18 mode 2
Event: 77.808 Thread 0x00000239c9fd1d40 DEOPT PACKING pc=0x00000239e4d4897e sp=0x0000008825efd330
Event: 77.808 Thread 0x00000239c9fd1d40 DEOPT UNPACKING pc=0x00000239ec254e42 sp=0x0000008825efc8b0 mode 0

Classes loaded (20 events):
Event: 72.430 Loading class java/security/InvalidKeyException
Event: 72.431 Loading class java/security/KeyException
Event: 72.431 Loading class java/security/KeyException done
Event: 72.431 Loading class java/security/InvalidKeyException done
Event: 72.431 Loading class java/security/SignatureException
Event: 72.431 Loading class java/security/SignatureException done
Event: 72.431 Loading class java/security/spec/InvalidKeySpecException
Event: 72.431 Loading class java/security/spec/InvalidKeySpecException done
Event: 72.431 Loading class javax/net/ssl/SSLSocket
Event: 72.431 Loading class javax/net/ssl/SSLSocket done
Event: 72.431 Loading class javax/crypto/NoSuchPaddingException
Event: 72.431 Loading class javax/crypto/NoSuchPaddingException done
Event: 72.431 Loading class javax/crypto/IllegalBlockSizeException
Event: 72.431 Loading class javax/crypto/IllegalBlockSizeException done
Event: 72.431 Loading class javax/crypto/BadPaddingException
Event: 72.431 Loading class javax/crypto/BadPaddingException done
Event: 72.498 Loading class java/lang/ref/Finalizer$2
Event: 72.498 Loading class java/lang/ref/Finalizer$2 done
Event: 72.498 Loading class java/lang/ref/Finalizer$1
Event: 72.498 Loading class java/lang/ref/Finalizer$1 done

Classes unloaded (0 events):
No events

Classes redefined (0 events):
No events

Internal exceptions (20 events):
Event: 13.290 Thread 0x00000239c648fc60 Exception <a 'java/lang/NoSuchMethodError'{0x000000070b2423a8}: 'java.lang.Object java.lang.invoke.Invokers$Holder.linkToTargetMethod(java.lang.Object, java.lang.Object, java.lang.Object, long, java.lang.Object)'> (0x000000070b2423a8) 
thrown [s\open\src\hotspot\share\interpreter\linkResolver.cpp, line 773]
Event: 15.441 Thread 0x00000239c6494490 Exception <a 'java/lang/NoSuchMethodError'{0x000000070b91eb90}: 'java.lang.Object java.lang.invoke.DirectMethodHandle$Holder.invokeStatic(java.lang.Object, int, int)'> (0x000000070b91eb90) 
thrown [s\open\src\hotspot\share\interpreter\linkResolver.cpp, line 773]
Event: 28.232 Thread 0x00000239c6490980 Exception <a 'java/lang/NoSuchMethodError'{0x0000000709ff6660}: 'int java.lang.invoke.DirectMethodHandle$Holder.invokeStatic(java.lang.Object, java.lang.Object, int, int)'> (0x0000000709ff6660) 
thrown [s\open\src\hotspot\share\interpreter\linkResolver.cpp, line 773]
Event: 28.261 Thread 0x00000239c6490980 Exception <a 'java/lang/NoSuchMethodError'{0x0000000709cbb360}: 'java.lang.Object java.lang.invoke.DirectMethodHandle$Holder.invokeInterface(java.lang.Object, java.lang.Object, java.lang.Object, java.lang.Object)'> (0x0000000709cbb360) 
thrown [s\open\src\hotspot\share\interpreter\linkResolver.cpp, line 773]
Event: 28.283 Thread 0x00000239c6490980 Exception <a 'java/lang/NoSuchMethodError'{0x0000000709d97148}: 'java.lang.Object java.lang.invoke.DirectMethodHandle$Holder.newInvokeSpecial(java.lang.Object, java.lang.Object, java.lang.Object, long)'> (0x0000000709d97148) 
thrown [s\open\src\hotspot\share\interpreter\linkResolver.cpp, line 773]
Event: 28.283 Thread 0x00000239c6490980 Exception <a 'java/lang/NoSuchMethodError'{0x0000000709d9b9d0}: 'java.lang.Object java.lang.invoke.DirectMethodHandle$Holder.invokeSpecial(java.lang.Object, java.lang.Object, java.lang.Object, java.lang.Object, long)'> (0x0000000709d9b9d0) 
thrown [s\open\src\hotspot\share\interpreter\linkResolver.cpp, line 773]
Event: 28.283 Thread 0x00000239c6490980 Exception <a 'java/lang/NoSuchMethodError'{0x0000000709d9fbb8}: 'java.lang.Object java.lang.invoke.Invokers$Holder.linkToTargetMethod(java.lang.Object, java.lang.Object, long, java.lang.Object)'> (0x0000000709d9fbb8) 
thrown [s\open\src\hotspot\share\interpreter\linkResolver.cpp, line 773]
Event: 63.493 Thread 0x00000239c6493e00 Exception <a 'java/lang/IncompatibleClassChangeError'{0x00000007095206b0}: Found class java.lang.Object, but interface was expected> (0x00000007095206b0) 
thrown [s\open\src\hotspot\share\interpreter\linkResolver.cpp, line 840]
Event: 63.520 Thread 0x00000239c6493e00 Exception <a 'java/lang/NoSuchMethodError'{0x00000007092fca40}: 'void java.lang.invoke.DirectMethodHandle$Holder.invokeSpecialIFC(java.lang.Object, java.lang.Object, int, java.lang.Object, java.lang.Object, java.lang.Object, java.lang.Object)'> (0x00000007092fca40) 
thrown [s\open\src\hotspot\share\interpreter\linkResolver.cpp, line 773]
Event: 72.444 Thread 0x00000239c64916a0 Exception <a 'java/lang/InterruptedException'{0x0000000708aa97d0}: sleep interrupted> (0x0000000708aa97d0) 
thrown [s\open\src\hotspot\share\prims\jvm.cpp, line 3074]
Event: 72.509 Thread 0x00000239c9fd30f0 Exception <a 'sun/nio/fs/WindowsException'{0x0000000713aea838}> (0x0000000713aea838) 
thrown [s\open\src\hotspot\share\prims\jni.cpp, line 520]
Event: 73.167 Thread 0x00000239c9fd30f0 Exception <a 'java/lang/NoClassDefFoundError'{0x0000000709399240}: jakarta/validation/ValidationException> (0x0000000709399240) 
thrown [s\open\src\hotspot\share\classfile\systemDictionary.cpp, line 301]
Event: 73.168 Thread 0x00000239c9fd30f0 Exception <a 'java/lang/NoClassDefFoundError'{0x00000007093a01a0}: liquibase/exception/ChangeLogParseException> (0x00000007093a01a0) 
thrown [s\open\src\hotspot\share\classfile\systemDictionary.cpp, line 301]
Event: 75.055 Thread 0x00000239c9fd1d40 Exception <a 'sun/nio/fs/WindowsException'{0x000000070913bf10}> (0x000000070913bf10) 
thrown [s\open\src\hotspot\share\prims\jni.cpp, line 520]
Event: 77.721 Thread 0x00000239c9fd1d40 Exception <a 'java/lang/NoClassDefFoundError'{0x00000007098e5640}: org/flywaydb/core/Flyway> (0x00000007098e5640) 
thrown [s\open\src\hotspot\share\oops\constantPool.cpp, line 873]
Event: 77.721 Thread 0x00000239c9fd1d40 Exception <a 'java/lang/NoClassDefFoundError'{0x00000007098e5ca0}: liquibase/integration/spring/SpringLiquibase> (0x00000007098e5ca0) 
thrown [s\open\src\hotspot\share\oops\constantPool.cpp, line 873]
Event: 77.722 Thread 0x00000239c9fd1d40 Exception <a 'java/lang/NoClassDefFoundError'{0x000000070991baf8}: org/jooq/DSLContext> (0x000000070991baf8) 
thrown [s\open\src\hotspot\share\oops\constantPool.cpp, line 873]
Event: 77.724 Thread 0x00000239c9fd1d40 Exception <a 'java/lang/NoClassDefFoundError'{0x00000007099b48e0}: org/springframework/batch/core/repository/JobRepository> (0x00000007099b48e0) 
thrown [s\open\src\hotspot\share\oops\constantPool.cpp, line 873]
Event: 77.724 Thread 0x00000239c9fd1d40 Exception <a 'java/lang/NoClassDefFoundError'{0x00000007099b4f38}: org/quartz/Scheduler> (0x00000007099b4f38) 
thrown [s\open\src\hotspot\share\oops\constantPool.cpp, line 873]
Event: 77.805 Thread 0x00000239c9fd1d40 Exception <a 'java/io/FileNotFoundException'{0x00000007091e6b80}> (0x00000007091e6b80) 
thrown [s\open\src\hotspot\share\prims\jni.cpp, line 520]

ZGC Phase Switch (0 events):
No events

VM Operations (20 events):
Event: 66.195 Executing VM operation: Cleanup
Event: 66.195 Executing VM operation: Cleanup done
Event: 68.207 Executing VM operation: Cleanup
Event: 68.207 Executing VM operation: Cleanup done
Event: 72.445 Executing VM operation: G1CollectFull (System.gc())
Event: 72.498 Executing VM operation: G1CollectFull (System.gc()) done
Event: 72.886 Executing VM operation: ICBufferFull
Event: 72.886 Executing VM operation: ICBufferFull done
Event: 73.892 Executing VM operation: Cleanup
Event: 73.892 Executing VM operation: Cleanup done
Event: 75.215 Executing VM operation: G1CollectForAllocation (G1 Evacuation Pause)
Event: 75.217 Executing VM operation: G1CollectForAllocation (G1 Evacuation Pause) done
Event: 75.243 Executing VM operation: G1PauseRemark
Event: 76.234 Executing VM operation: G1PauseRemark done
Event: 76.248 Executing VM operation: G1PauseCleanup
Event: 76.248 Executing VM operation: G1PauseCleanup done
Event: 77.257 Executing VM operation: Cleanup
Event: 77.257 Executing VM operation: Cleanup done
Event: 78.261 Executing VM operation: Cleanup
Event: 78.261 Executing VM operation: Cleanup done

Events (20 events):
Event: 76.232 Thread 0x00000239f92d07f0 flushing nmethod 0x00000239e570fc10
Event: 76.232 Thread 0x00000239f92d07f0 flushing nmethod 0x00000239e5725d90
Event: 76.232 Thread 0x00000239f92d07f0 flushing nmethod 0x00000239e572c090
Event: 76.232 Thread 0x00000239f92d07f0 flushing nmethod 0x00000239e572d390
Event: 76.232 Thread 0x00000239f92d07f0 flushing nmethod 0x00000239e5730d90
Event: 76.232 Thread 0x00000239f92d07f0 flushing nmethod 0x00000239e577c290
Event: 76.232 Thread 0x00000239f92d07f0 flushing nmethod 0x00000239e5945b10
Event: 76.232 Thread 0x00000239f92d07f0 flushing nmethod 0x00000239e59be210
Event: 76.232 Thread 0x00000239f92d07f0 flushing nmethod 0x00000239e59bfd10
Event: 76.232 Thread 0x00000239f92d07f0 flushing nmethod 0x00000239e59c0290
Event: 76.232 Thread 0x00000239f92d07f0 flushing nmethod 0x00000239e5a12090
Event: 76.232 Thread 0x00000239f92d07f0 flushing nmethod 0x00000239e5a1ba10
Event: 76.232 Thread 0x00000239f92d07f0 flushing nmethod 0x00000239e5a46010
Event: 76.232 Thread 0x00000239f92d07f0 flushing nmethod 0x00000239e5b0b790
Event: 76.232 Thread 0x00000239f92d07f0 flushing nmethod 0x00000239e5beed90
Event: 76.232 Thread 0x00000239f92d07f0 flushing nmethod 0x00000239e5bef190
Event: 76.232 Thread 0x00000239f92d07f0 flushing nmethod 0x00000239e5bf0810
Event: 76.232 Thread 0x00000239f92d07f0 flushing nmethod 0x00000239e5bf1310
Event: 76.232 Thread 0x00000239f92d07f0 flushing nmethod 0x00000239e5c3c510
Event: 76.487 Thread 0x00000239cb9d9d10 Thread added: 0x00000239cb9d9d10


Dynamic libraries:
0x00007ff6d65d0000 - 0x00007ff6d65e0000 	C:\Program Files\Java\jdk-21\bin\java.exe
0x00007ffc5dc40000 - 0x00007ffc5dea8000 	C:\WINDOWS\SYSTEM32\ntdll.dll
0x00007ffc5bcf0000 - 0x00007ffc5bdb9000 	C:\WINDOWS\System32\KERNEL32.DLL
0x00007ffc5b030000 - 0x00007ffc5b41d000 	C:\WINDOWS\System32\KERNELBASE.dll
0x00007ffc5ad90000 - 0x00007ffc5aedb000 	C:\WINDOWS\System32\ucrtbase.dll
0x00007ffc555b0000 - 0x00007ffc555c9000 	C:\Program Files\Java\jdk-21\bin\jli.dll
0x00007ffc46da0000 - 0x00007ffc46dbb000 	C:\Program Files\Java\jdk-21\bin\VCRUNTIME140.dll
0x00007ffc5d220000 - 0x00007ffc5d2d4000 	C:\WINDOWS\System32\ADVAPI32.dll
0x00007ffc5cd70000 - 0x00007ffc5ce19000 	C:\WINDOWS\System32\msvcrt.dll
0x00007ffc5bb90000 - 0x00007ffc5bc36000 	C:\WINDOWS\System32\sechost.dll
0x00007ffc5bfb0000 - 0x00007ffc5c0c8000 	C:\WINDOWS\System32\RPCRT4.dll
0x00007ffc5da30000 - 0x00007ffc5dbfc000 	C:\WINDOWS\System32\USER32.dll
0x00007ffc5b9b0000 - 0x00007ffc5b9d7000 	C:\WINDOWS\System32\win32u.dll
0x00007ffc5be70000 - 0x00007ffc5be9b000 	C:\WINDOWS\System32\GDI32.dll
0x00007ffc44a70000 - 0x00007ffc44d0a000 	C:\WINDOWS\WinSxS\amd64_microsoft.windows.common-controls_6595b64144ccf1df_6.0.26100.4484_none_3e0e6d4ce32ef3b3\COMCTL32.dll
0x00007ffc5b870000 - 0x00007ffc5b9a7000 	C:\WINDOWS\System32\gdi32full.dll
0x00007ffc5af80000 - 0x00007ffc5b023000 	C:\WINDOWS\System32\msvcp_win.dll
0x00007ffc46940000 - 0x00007ffc4694b000 	C:\WINDOWS\SYSTEM32\VERSION.dll
0x00007ffc5bdc0000 - 0x00007ffc5bdef000 	C:\WINDOWS\System32\IMM32.DLL
0x00007ffc55880000 - 0x00007ffc5588c000 	C:\Program Files\Java\jdk-21\bin\vcruntime140_1.dll
0x00007ffc41520000 - 0x00007ffc415ae000 	C:\Program Files\Java\jdk-21\bin\msvcp140.dll
0x00007ffbf3860000 - 0x00007ffbf457a000 	C:\Program Files\Java\jdk-21\bin\server\jvm.dll
0x00007ffc5bf20000 - 0x00007ffc5bf94000 	C:\WINDOWS\System32\WS2_32.dll
0x00007ffc5ac00000 - 0x00007ffc5ac5e000 	C:\WINDOWS\SYSTEM32\POWRPROF.dll
0x00007ffc4f000000 - 0x00007ffc4f035000 	C:\WINDOWS\SYSTEM32\WINMM.dll
0x00007ffc5abe0000 - 0x00007ffc5abf4000 	C:\WINDOWS\SYSTEM32\UMPDC.dll
0x00007ffc59b30000 - 0x00007ffc59b4b000 	C:\WINDOWS\SYSTEM32\kernel.appcore.dll
0x00007ffc530f0000 - 0x00007ffc530fa000 	C:\Program Files\Java\jdk-21\bin\jimage.dll
0x00007ffc58430000 - 0x00007ffc58671000 	C:\WINDOWS\SYSTEM32\DBGHELP.DLL
0x00007ffc5c9e0000 - 0x00007ffc5cd66000 	C:\WINDOWS\System32\combase.dll
0x00007ffc5d130000 - 0x00007ffc5d210000 	C:\WINDOWS\System32\OLEAUT32.dll
0x00007ffc448a0000 - 0x00007ffc448e3000 	C:\WINDOWS\SYSTEM32\dbgcore.DLL
0x00007ffc5aee0000 - 0x00007ffc5af79000 	C:\WINDOWS\System32\bcryptPrimitives.dll
0x00007ffc46d80000 - 0x00007ffc46d9f000 	C:\Program Files\Java\jdk-21\bin\java.dll
0x00007ffc5d2e0000 - 0x00007ffc5da2a000 	C:\WINDOWS\System32\SHELL32.dll
0x00007ffc5b570000 - 0x00007ffc5b6e4000 	C:\WINDOWS\System32\wintypes.dll
0x00007ffc589f0000 - 0x00007ffc5924b000 	C:\WINDOWS\SYSTEM32\windows.storage.dll
0x00007ffc5ba90000 - 0x00007ffc5bb85000 	C:\WINDOWS\System32\SHCORE.dll
0x00007ffc5be00000 - 0x00007ffc5be6a000 	C:\WINDOWS\System32\shlwapi.dll
0x00007ffc5aca0000 - 0x00007ffc5accf000 	C:\WINDOWS\SYSTEM32\profapi.dll
0x00007ffc357b0000 - 0x00007ffc35887000 	C:\Program Files\Java\jdk-21\bin\jsvml.dll
0x00007ffc46d70000 - 0x00007ffc46d80000 	C:\Program Files\Java\jdk-21\bin\net.dll
0x00007ffc52e40000 - 0x00007ffc52f5e000 	C:\WINDOWS\SYSTEM32\WINHTTP.dll
0x00007ffc5a0c0000 - 0x00007ffc5a12a000 	C:\WINDOWS\system32\mswsock.dll
0x00007ffc41ce0000 - 0x00007ffc41cf6000 	C:\Program Files\Java\jdk-21\bin\nio.dll
0x00007ffc41cc0000 - 0x00007ffc41cd8000 	C:\Program Files\Java\jdk-21\bin\zip.dll
0x00007ffc46d60000 - 0x00007ffc46d6a000 	C:\Program Files\Java\jdk-21\bin\management.dll
0x00007ffc41cb0000 - 0x00007ffc41cbb000 	C:\Program Files\Java\jdk-21\bin\management_ext.dll
0x00007ffc5c7b0000 - 0x00007ffc5c7b8000 	C:\WINDOWS\System32\PSAPI.DLL
0x00007ffc34b90000 - 0x00007ffc34ba8000 	C:\WINDOWS\system32\napinsp.dll
0x00007ffc595a0000 - 0x00007ffc596c6000 	C:\WINDOWS\SYSTEM32\DNSAPI.dll
0x00007ffc59560000 - 0x00007ffc59593000 	C:\WINDOWS\SYSTEM32\IPHLPAPI.DLL
0x00007ffc5bfa0000 - 0x00007ffc5bfaa000 	C:\WINDOWS\System32\NSI.dll
0x00007ffc348c0000 - 0x00007ffc348d2000 	C:\WINDOWS\System32\winrnr.dll
0x00007ffc34880000 - 0x00007ffc348b0000 	C:\WINDOWS\system32\nlansp_c.dll
0x00007ffc525d0000 - 0x00007ffc525f0000 	C:\WINDOWS\system32\wshbth.dll
0x00007ffc532b0000 - 0x00007ffc532bb000 	C:\Windows\System32\rasadhlp.dll
0x00007ffc53e40000 - 0x00007ffc53ec6000 	C:\WINDOWS\System32\fwpuclnt.dll
0x00007ffc5a370000 - 0x00007ffc5a38b000 	C:\WINDOWS\SYSTEM32\CRYPTSP.dll
0x00007ffc59a90000 - 0x00007ffc59acb000 	C:\WINDOWS\system32\rsaenh.dll
0x00007ffc5a160000 - 0x00007ffc5a18b000 	C:\WINDOWS\SYSTEM32\USERENV.dll
0x00007ffc5ac70000 - 0x00007ffc5ac96000 	C:\WINDOWS\SYSTEM32\bcrypt.dll
0x00007ffc5a390000 - 0x00007ffc5a39c000 	C:\WINDOWS\SYSTEM32\CRYPTBASE.dll
0x00007ffc41ca0000 - 0x00007ffc41ca9000 	C:\Program Files\Java\jdk-21\bin\extnet.dll
0x00007ffc41c90000 - 0x00007ffc41c9e000 	C:\Program Files\Java\jdk-21\bin\sunmscapi.dll
0x00007ffc5b6f0000 - 0x00007ffc5b867000 	C:\WINDOWS\System32\CRYPT32.dll
0x00007ffc5a590000 - 0x00007ffc5a5c0000 	C:\WINDOWS\SYSTEM32\ncrypt.dll
0x00007ffc5a540000 - 0x00007ffc5a57f000 	C:\WINDOWS\SYSTEM32\NTASN1.dll
0x00007ffc41510000 - 0x00007ffc41520000 	C:\Program Files\Java\jdk-21\bin\verify.dll
0x00007ffc29d90000 - 0x00007ffc29d98000 	C:\WINDOWS\system32\wshunix.dll

dbghelp: loaded successfully - version: 4.0.5 - missing functions: none
symbol engine: initialized successfully - sym options: 0x614 - pdb path: .;C:\Program Files\Java\jdk-21\bin;C:\WINDOWS\SYSTEM32;C:\WINDOWS\WinSxS\amd64_microsoft.windows.common-controls_6595b64144ccf1df_6.0.26100.4484_none_3e0e6d4ce32ef3b3;C:\Program Files\Java\jdk-21\bin\server

VM Arguments:
jvm_args: -XX:+ShowCodeDetailsInExceptionMessages -Dspring.jmx.enabled=true -Dmanagement.endpoints.jmx.exposure.include=* -Dspring.application.admin.enabled=true -Dspring.boot.project.name=bookstore -Djava.rmi.server.hostname=localhost -Dcom.sun.management.jmxremote.port=45556 -Dcom.sun.management.jmxremote.authenticate=false -Dcom.sun.management.jmxremote.ssl=false 
java_command: com.book.bookstore.BookstoreApplication
java_class_path (initial): C:\Users\user\Desktop\project\bookstore\target\classes;C:\Users\user\.m2\repository\org\springframework\boot\spring-boot-starter-data-jdbc\3.5.3\spring-boot-starter-data-jdbc-3.5.3.jar;C:\Users\user\.m2\repository\org\springframework\data\spring-data-jdbc\3.5.1\spring-data-jdbc-3.5.1.jar;C:\Users\user\.m2\repository\org\springframework\data\spring-data-relational\3.5.1\spring-data-relational-3.5.1.jar;C:\Users\user\.m2\repository\org\springframework\data\spring-data-commons\3.5.1\spring-data-commons-3.5.1.jar;C:\Users\user\.m2\repository\org\springframework\spring-tx\6.2.8\spring-tx-6.2.8.jar;C:\Users\user\.m2\repository\org\springframework\spring-beans\6.2.8\spring-beans-6.2.8.jar;C:\Users\user\.m2\repository\org\slf4j\slf4j-api\2.0.17\slf4j-api-2.0.17.jar;C:\Users\user\.m2\repository\org\springframework\boot\spring-boot-starter-data-jpa\3.5.3\spring-boot-starter-data-jpa-3.5.3.jar;C:\Users\user\.m2\repository\org\springframework\boot\spring-boot-starter\3.5.3\spring-boot-starter-3.5.3.jar;C:\Users\user\.m2\repository\org\springframework\boot\spring-boot-starter-logging\3.5.3\spring-boot-starter-logging-3.5.3.jar;C:\Users\user\.m2\repository\ch\qos\logback\logback-classic\1.5.18\logback-classic-1.5.18.jar;C:\Users\user\.m2\repository\ch\qos\logback\logback-core\1.5.18\logback-core-1.5.18.jar;C:\Users\user\.m2\repository\org\apache\logging\log4j\log4j-to-slf4j\2.24.3\log4j-to-slf4j-2.24.3.jar;C:\Users\user\.m2\repository\org\apache\logging\log4j\log4j-api\2.24.3\log4j-api-2.24.3.jar;C:\Users\user\.m2\repository\org\slf4j\jul-to-slf4j\2.0.17\jul-to-slf4j-2.0.17.jar;C:\Users\user\.m2\repository\jakarta\annotation\jakarta.annotation-api\2.1.1\jakarta.annotation-api-2.1.1.jar;C:\Users\user\.m2\repository\org\yaml\snakeyaml\2.4\snakeyaml-2.4.jar;C:\Users\user\.m2\repository\org\hibernate\orm\hibernate-core\6.6.18.Final\hibernate-core-6.6.18.Final.jar;C:\Users\user\.m2\repository\jakarta\persistence\jakarta.persistence-api\3.1.0\jakarta.persistence-api-3.1.0.jar;C:\Users\user\.m2\repository\jakarta\transaction\jakarta.transaction-api\2.0.1\jakarta.transaction-api-2.0.1.jar;C:\Users\user\.m2\repository\org\jboss\logging\jboss-logging\3.6.1.Final\jboss-logging-3.6.1.Final.jar;C:\Users\user\.m2\repository\org\hibernate\common\hibernate-commons-annotations\7.0.3.Final\hibernate-commons-annotations-7.0.3.Final.jar;C:\Users\user\.m2\repository\io\smallrye\jandex\3.2.0\jandex-3.2.0.jar;C:\Users\user\.m2\repository\com\fasterxml\classmate\1.7.0\classmate-1.7.0.jar;C:\Users\user\.m2\repository\net\bytebuddy\byte-buddy\1.17.6\byte-buddy-1.17.6.jar;C:\Users\user\.m2\repository\org\glassfish\jaxb\jaxb-runtime\4.0.5\jaxb-runtime-4.0.5.jar;C:\Users\user\.m2\repository\org\glassfish\jaxb\jaxb-core\4.0.5\jaxb-core-4.0.5.jar;C:\Users\user\.m2\repository\org\glassfish\jaxb\txw2\4.0.5\txw2-4.0.5.jar;C:\Users\user\.m2\repository\com\sun\istack\istack-commons-runtime\4.1.2\istack-commons-runtime-4.1.2.jar;C:\Users\user\.m2\repository\jakarta\inject\jakarta.inject-api\2.0.1\jakarta.inject-api-2.0.1.jar;C:\Users\user\.m2\repository\org\antlr\antlr4-runtime\4.13.0\antlr4-runtime-4.13.0.jar;C:\Users\user\.m2\repository\org\springframework\data\spring-data-jpa\3.5.1\spring-data-jpa-3.5.1.jar;C:\Users\user\.m2\repository\org\springframework\spring-orm\6.2.8\spring-orm-6.2.8.jar;C:\Users\user\.m2\repository\org\springframework\spring-aop\6.2.8\spring-aop-6.2.8.jar;C:\Users\user\.m2\repository\org\springframework\spring-aspects\6.2.8\spring-aspects-6.2.8.jar;C:\Users\user\.m2\repository\org\aspectj\aspectjweaver\1.9.24\aspectjweaver-1.9.24.jar;C:\Users\user\.m2\repository\org\springframework\boot\spring-boot-starter-data-rest\3.5.3\spring-boot-starter-data-rest-3.5.3.jar;C:\Users\user\.m2\repository\org\springframework\data\spring-data-rest-webmvc\4.5.1\spring-data-rest-webmvc-4.5.1.jar;C:\Users\user\.m2\repository\org\springframework\data\spring-data-rest-core\4.5.1\spring-data-rest-core-4.5.1.jar;C:\Users\user\.m2\repository\org\atteo\evo-inflector\1.3\evo-inflector-1.3.jar;C:\Users\user\.m2\repository\com\fasterxml\jackson\core\jackson-databind\2.19.1\jackson-databind-2.19.1.jar;C:\Users\user\.m2\repository\com\fasterxml\jackson\core\jackson-core\2.19.1\jackson-core-2.19.1.jar;C:\Users\user\.m2\repository\com\fasterxml\jackson\core\jackson-annotations\2.19.1\jackson-annotations-2.19.1.jar;C:\Users\user\.m2\repository\org\springframework\boot\spring-boot-starter-hateoas\3.5.3\spring-boot-starter-hateoas-3.5.3.jar;C:\Users\user\.m2\repository\org\springframework\hateoas\spring-hateoas\2.5.1\spring-hateoas-2.5.1.jar;C:\Users\user\.m2\repository\org\springframework\plugin\spring-plugin-core\3.0.0\spring-plugin-core-3.0.0.jar;C:\Users\user\.m2\repository\org\springframework\boot\spring-boot-starter-jdbc\3.5.3\spring-boot-starter-jdbc-3.5.3.jar;C:\Users\user\.m2\repository\com\zaxxer\HikariCP\6.3.0\HikariCP-6.3.0.jar;C:\Users\user\.m2\repository\org\springframework\spring-jdbc\6.2.8\spring-jdbc-6.2.8.jar;C:\Users\user\.m2\repository\org\springframework\boot\spring-boot-starter-oauth2-client\3.5.3\spring-boot-starter-oauth2-client-3.5.3.jar;C:\Users\user\.m2\repository\org\springframework\security\spring-security-config\6.5.1\spring-security-config-6.5.1.jar;C:\Users\user\.m2\repository\org\springframework\security\spring-security-core\6.5.1\spring-security-core-6.5.1.jar;C:\Users\user\.m2\repository\org\springframework\security\spring-security-crypto\6.5.1\spring-security-crypto-6.5.1.jar;C:\Users\user\.m2\repository\org\springframework\spring-expression\6.2.8\spring-expression-6.2.8.jar;C:\Users\user\.m2\repository\org\springframework\security\spring-security-oauth2-client\6.5.1\spring-security-oauth2-client-6.5.1.jar;C:\Users\user\.m2\repository\org\springframework\security\spring-security-oauth2-core\6.5.1\spring-security-oauth2-core-6.5.1.jar;C:\Users\user\.m2\repository\org\springframework\security\spring-security-web\6.5.1\spring-security-web-6.5.1.jar;C:\Users\user\.m2\repository\com\nimbusds\oauth2-oidc-sdk\9.43.6\oauth2-oidc-sdk-9.43.6.jar;C:\Users\user\.m2\repository\com\github\stephenc\jcip\jcip-annotations\1.0-1\jcip-annotations-1.0-1.jar;C:\Users\user\.m2\repository\com\nimbusds\content-type\2.2\content-type-2.2.jar;C:\Users\user\.m2\repository\com\nimbusds\lang-tag\1.7\lang-tag-1.7.jar;C:\Users\user\.m2\repository\org\springframework\security\spring-security-oauth2-jose\6.5.1\spring-security-oauth2-jose-6.5.1.jar;C:\Users\user\.m2\repository\com\nimbusds\nimbus-jose-jwt\9.37.3\nimbus-jose-jwt-9.37.3.jar;C:\Users\user\.m2\repository\org\springframework\boot\spring-boot-starter-oauth2-resource-server\3.5.3\spring-boot-starter-oauth2-resource-server-3.5.3.jar;C:\Users\user\.m2\repository\org\springframework\security\spring-security-oauth2-resource-server\6.5.1\spring-security-oauth2-resource-server-6.5.1.jar;C:\Users\user\.m2\repository\org\springframework\boot\spring-boot-starter-web\3.5.3\spring-boot-starter-web-3.5.3.jar;C:\Users\user\.m2\repository\org\springframework\boot\spring-boot-starter-json\3.5.3\spring-boot-starter-json-3.5.3.jar;C:\Users\user\.m2\repository\com\fasterxml\jackson\datatype\jackson-datatype-jdk8\2.19.1\jackson-datatype-jdk8-2.19.1.jar;C:\Users\user\.m2\repository\com\fasterxml\jackson\datatype\jackson-datatype-jsr310\2.19.1\jackson-datatype-jsr310-2.19.1.jar;C:\Users\user\.m2\repository\com\fasterxml\jackson\module\jackson-module-parameter-names\2.19.1\jackson-module-parameter-names-2.19.1.jar;C:\Users\user\.m2\repository\org\springframework\boot\spring-boot-starter-tomcat\3.5.3\spring-boot-starter-tomcat-3.5.3.jar;C:\Users\user\.m2\repository\org\apache\tomcat\embed\tomcat-embed-core\10.1.42\tomcat-embed-core-10.1.42.jar;C:\Users\user\.m2\repository\org\apache\tomcat\embed\tomcat-embed-el\10.1.42\tomcat-embed-el-10.1.42.jar;C:\Users\user\.m2\repository\org\apache\tomcat\embed\tomcat-embed-websocket\10.1.42\tomcat-embed-websocket-10.1.42.jar;C:\Users\user\.m2\repository\org\springframework\spring-web\6.2.8\spring-web-6.2.8.jar;C:\Users\user\.m2\repository\org\springframework\spring-webmvc\6.2.8\spring-webmvc-6.2.8.jar;C:\Users\user\.m2\repository\org\springframework\boot\spring-boot-starter-web-services\3.5.3\spring-boot-starter-web-services-3.5.3.jar;C:\Users\user\.m2\repository\com\sun\xml\messaging\saaj\saaj-impl\3.0.4\saaj-impl-3.0.4.jar;C:\Users\user\.m2\repository\jakarta\xml\soap\jakarta.xml.soap-api\3.0.2\jakarta.xml.soap-api-3.0.2.jar;C:\Users\user\.m2\repository\org\jvnet\staxex\stax-ex\2.1.0\stax-ex-2.1.0.jar;C:\Users\user\.m2\repository\jakarta\activation\jakarta.activation-api\2.1.3\jakarta.activation-api-2.1.3.jar;C:\Users\user\.m2\repository\org\eclipse\angus\angus-activation\2.0.2\angus-activation-2.0.2.jar;C:\Users\user\.m2\repository\jakarta\xml\ws\jakarta.xml.ws-api\4.0.2\jakarta.xml.ws-api-4.0.2.jar;C:\Users\user\.m2\repository\org\springframework\spring-oxm\6.2.8\spring-oxm-6.2.8.jar;C:\Users\user\.m2\repository\org\springframework\ws\spring-ws-core\4.1.0\spring-ws-core-4.1.0.jar;C:\Users\user\.m2\repository\org\springframework\ws\spring-xml\4.1.0\spring-xml-4.1.0.jar;C:\Users\user\.m2\repository\org\springframework\boot\spring-boot-starter-webflux\3.5.3\spring-boot-starter-webflux-3.5.3.jar;C:\Users\user\.m2\repository\org\springframework\boot\spring-boot-starter-reactor-netty\3.5.3\spring-boot-starter-reactor-netty-3.5.3.jar;C:\Users\user\.m2\repository\io\projectreactor\netty\reactor-netty-http\1.2.7\reactor-netty-http-1.2.7.jar;C:\Users\user\.m2\repository\io\netty\netty-codec-http\4.1.122.Final\netty-codec-http-4.1.122.Final.jar;C:\Users\user\.m2\repository\io\netty\netty-common\4.1.122.Final\netty-common-4.1.122.Final.jar;C:\Users\user\.m2\repository\io\netty\netty-buffer\4.1.122.Final\netty-buffer-4.1.122.Final.jar;C:\Users\user\.m2\repository\io\netty\netty-transport\4.1.122.Final\netty-transport-4.1.122.Final.jar;C:\Users\user\.m2\repository\io\netty\netty-codec\4.1.122.Final\netty-codec-4.1.122.Final.jar;C:\Users\user\.m2\repository\io\netty\netty-handler\4.1.122.Final\netty-handler-4.1.122.Final.jar;C:\Users\user\.m2\repository\io\netty\netty-codec-http2\4.1.122.Final\netty-codec-http2-4.1.122.Final.jar;C:\Users\user\.m2\repository\io\netty\netty-resolver-dns\4.1.122.Final\netty-resolver-dns-4.1.122.Final.jar;C:\Users\user\.m2\repository\io\netty\netty-resolver\4.1.122.Final\netty-resolver-4.1.122.Final.jar;C:\Users\user\.m2\repository\io\netty\netty-codec-dns\4.1.122.Final\netty-codec-dns-4.1.122.Final.jar;C:\Users\user\.m2\repository\io\netty\netty-resolver-dns-native-macos\4.1.122.Final\netty-resolver-dns-native-macos-4.1.122.Final-osx-x86_64.jar;C:\Users\user\.m2\repository\io\netty\netty-resolver-dns-classes-macos\4.1.122.Final\netty-resolver-dns-classes-macos-4.1.122.Final.jar;C:\Users\user\.m2\repository\io\netty\netty-transport-native-epoll\4.1.122.Final\netty-transport-native-epoll-4.1.122.Final-linux-x86_64.jar;C:\Users\user\.m2\repository\io\netty\netty-transport-native-unix-common\4.1.122.Final\netty-transport-native-unix-common-4.1.122.Final.jar;C:\Users\user\.m2\repository\io\netty\netty-transport-classes-epoll\4.1.122.Final\netty-transport-classes-epoll-4.1.122.Final.jar;C:\Users\user\.m2\repository\io\projectreactor\netty\reactor-netty-core\1.2.7\reactor-netty-core-1.2.7.jar;C:\Users\user\.m2\repository\io\netty\netty-handler-proxy\4.1.122.Final\netty-handler-proxy-4.1.122.Final.jar;C:\Users\user\.m2\repository\io\netty\netty-codec-socks\4.1.122.Final\netty-codec-socks-4.1.122.Final.jar;C:\Users\user\.m2\repository\org\springframework\spring-webflux\6.2.8\spring-webflux-6.2.8.jar;C:\Users\user\.m2\repository\org\springframework\session\spring-session-jdbc\3.5.1\spring-session-jdbc-3.5.1.jar;C:\Users\user\.m2\repository\org\springframework\session\spring-session-core\3.5.1\spring-session-core-3.5.1.jar;C:\Users\user\.m2\repository\org\springframework\spring-jcl\6.2.8\spring-jcl-6.2.8.jar;C:\Users\user\.m2\repository\org\springframework\spring-context\6.2.8\spring-context-6.2.8.jar;C:\Users\user\.m2\repository\org\springframework\boot\spring-boot-devtools\3.5.3\spring-boot-devtools-3.5.3.jar;C:\Users\user\.m2\repository\org\springframework\boot\spring-boot\3.5.3\spring-boot-3.5.3.jar;C:\Users\user\.m2\repository\org\springframework\boot\spring-boot-autoconfigure\3.5.3\spring-boot-autoconfigure-3.5.3.jar;C:\Users\user\.m2\repository\com\h2database\h2\2.3.232\h2-2.3.232.jar;C:\Users\user\.m2\repository\com\microsoft\sqlserver\mssql-jdbc\12.10.0.jre11\mssql-jdbc-12.10.0.jre11.jar;C:\Users\user\.m2\repository\com\mysql\mysql-connector-j\9.2.0\mysql-connector-j-9.2.0.jar;C:\Users\user\.m2\repository\org\springframework\boot\spring-boot-configuration-processor\3.5.3\spring-boot-configuration-processor-3.5.3.jar;C:\Users\user\.m2\repository\org\projectlombok\lombok\1.18.38\lombok-1.18.38.jar;C:\Users\user\.m2\repository\com\jayway\jsonpath\json-path\2.9.0\json-path-2.9.0.jar;C:\Users\user\.m2\repository\jakarta\xml\bind\jakarta.xml.bind-api\4.0.2\jakarta.xml.bind-api-4.0.2.jar;C:\Users\user\.m2\repository\net\minidev\json-smart\2.5.2\json-smart-2.5.2.jar;C:\Users\user\.m2\repository\net\minidev\accessors-smart\2.5.2\accessors-smart-2.5.2.jar;C:\Users\user\.m2\repository\org\ow2\asm\asm\9.7.1\asm-9.7.1.jar;C:\Users\user\.m2\repository\org\springframework\spring-core\6.2.8\spring-core-6.2.8.jar;C:\Users\user\.m2\repository\io\projectreactor\reactor-core\3.7.7\reactor-core-3.7.7.jar;C:\Users\user\.m2\repository\org\reactivestreams\reactive-streams\1.0.4\reactive-streams-1.0.4.jar;C:\Users\user\.m2\repository\org\springframework\boot\spring-boot-starter-thymeleaf\3.5.3\spring-boot-starter-thymeleaf-3.5.3.jar;C:\Users\user\.m2\repository\org\thymeleaf\thymeleaf-spring6\3.1.3.RELEASE\thymeleaf-spring6-3.1.3.RELEASE.jar;C:\Users\user\.m2\repository\org\thymeleaf\thymeleaf\3.1.3.RELEASE\thymeleaf-3.1.3.RELEASE.jar;C:\Users\user\.m2\repository\org\attoparser\attoparser\2.0.7.RELEASE\attoparser-2.0.7.RELEASE.jar;C:\Users\user\.m2\repository\org\unbescape\unbescape\1.1.6.RELEASE\unbescape-1.1.6.RELEASE.jar;C:\Users\user\.m2\repository\org\springframework\boot\spring-boot-starter-actuator\3.5.3\spring-boot-starter-actuator-3.5.3.jar;C:\Users\user\.m2\repository\org\springframework\boot\spring-boot-actuator-autoconfigure\3.5.3\spring-boot-actuator-autoconfigure-3.5.3.jar;C:\Users\user\.m2\repository\org\springframework\boot\spring-boot-actuator\3.5.3\spring-boot-actuator-3.5.3.jar;C:\Users\user\.m2\repository\io\micrometer\micrometer-observation\1.15.1\micrometer-observation-1.15.1.jar;C:\Users\user\.m2\repository\io\micrometer\micrometer-commons\1.15.1\micrometer-commons-1.15.1.jar;C:\Users\user\.m2\repository\io\micrometer\micrometer-jakarta9\1.15.1\micrometer-jakarta9-1.15.1.jar;C:\Users\user\.m2\repository\io\micrometer\micrometer-core\1.15.1\micrometer-core-1.15.1.jar;C:\Users\user\.m2\repository\org\hdrhistogram\HdrHistogram\2.2.2\HdrHistogram-2.2.2.jar;C:\Users\user\.m2\repository\org\latencyutils\LatencyUtils\2.0.3\LatencyUtils-2.0.3.jar
Launcher Type: SUN_STANDARD

[Global flags]
     intx CICompilerCount                          = 4                                         {product} {ergonomic}
     uint ConcGCThreads                            = 3                                         {product} {ergonomic}
     uint G1ConcRefinementThreads                  = 10                                        {product} {ergonomic}
   size_t G1HeapRegionSize                         = 2097152                                   {product} {ergonomic}
    uintx GCDrainStackTargetSize                   = 64                                        {product} {ergonomic}
   size_t InitialHeapSize                          = 264241152                                 {product} {ergonomic}
     bool ManagementServer                         = true                                      {product} {command line}
   size_t MarkStackSize                            = 4194304                                   {product} {ergonomic}
   size_t MaxHeapSize                              = 4227858432                                {product} {ergonomic}
   size_t MaxNewSize                               = 2535456768                                {product} {ergonomic}
   size_t MinHeapDeltaBytes                        = 2097152                                   {product} {ergonomic}
   size_t MinHeapSize                              = 8388608                                   {product} {ergonomic}
    uintx NonNMethodCodeHeapSize                   = 5839372                                {pd product} {ergonomic}
    uintx NonProfiledCodeHeapSize                  = 122909434                              {pd product} {ergonomic}
    uintx ProfiledCodeHeapSize                     = 122909434                              {pd product} {ergonomic}
    uintx ReservedCodeCacheSize                    = 251658240                              {pd product} {ergonomic}
     bool SegmentedCodeCache                       = true                                      {product} {ergonomic}
     bool ShowCodeDetailsInExceptionMessages       = true                                   {manageable} {command line}
   size_t SoftMaxHeapSize                          = 4227858432                             {manageable} {ergonomic}
     bool UseCompressedOops                        = true                           {product lp64_product} {ergonomic}
     bool UseG1GC                                  = true                                      {product} {ergonomic}
     bool UseLargePagesIndividualAllocation        = false                                  {pd product} {ergonomic}

Logging:
Log output configuration:
 #0: stdout all=warning uptime,level,tags foldmultilines=false
 #1: stderr all=off uptime,level,tags foldmultilines=false

Environment Variables:
PATH=C:\Users\user\bin;C:\Program Files\Git\mingw64\bin;C:\Program Files\Git\usr\local\bin;C:\Program Files\Git\usr\bin;C:\Program Files\Git\usr\bin;C:\Program Files\Git\mingw64\bin;C:\Program Files\Git\usr\bin;C:\Users\user\bin;C:\Users\user\AppData\Local\Programs\cursor\resources\app\bin;C:\app\user\product\21c\dbhomeXE\bin;C:\Program Files\Common Files\Oracle\Java\javapath;C:\WINDOWS\system32;C:\WINDOWS;C:\WINDOWS\System32\Wbem;C:\WINDOWS\System32\WindowsPowerShell\v1.0;C:\WINDOWS\System32\OpenSSH;C:\Program Files\Git\cmd;C:\Program Files\Java\jdk-21\bin;C:\Users\user\AppData\Local\Programs\Python\Python313\Scripts;C:\Users\user\AppData\Local\Programs\Python\Python313;C:\Users\user\AppData\Local\Programs\Python\Launcher;C:\Users\user\AppData\Local\Microsoft\WindowsApps;C:\Users\user\AppData\Local\GitHubDesktop\bin;C:\Program Files\JetBrains\IntelliJ IDEA 2025.1.1.1\bin;C:\Program Files\JetBrains\IntelliJ IDEA Community Edition 2024.3.5\bin;C:\Users\user\AppData\Local\Programs\cursor\resources\app\bin;C:\Users\user\AppData\Local\Programs\cursor\resources\app\bin;C:\Program Files\nodejs;C:\Users\user\AppData\Local\Programs\Python\Python313\Scripts;C:\Users\user\AppData\Local\Programs\Python\Python313;C:\Users\user\AppData\Local\Programs\Python\Launcher;C:\Users\user\AppData\Local\Microsoft\WindowsApps;C:\Users\user\AppData\Local\Programs\Microsoft VS Code\bin;C:\Users\user\AppData\Local\GitHubDesktop\bin;C:\Program Files\JetBrains\IntelliJ IDEA 2025.1.1.1\bin;C:\Program Files\JetBrains\IntelliJ IDEA Community Edition 2024.3.5\bin;C:\Users\user\AppData\Local\Programs\cursor\resources\app\bin;C:\Users\user\AppData\Roaming\npm;C:\Program Files\Git\usr\bin\vendor_perl;C:\Program Files\Git\usr\bin\core_perl
USERNAME=user
SHELL=C:\Program Files\Git\usr\bin\bash.exe
DISPLAY=needs-to-be-defined
LANG=en_US.UTF-8
TERM=xterm-256color
TMPDIR=C:\Users\user\AppData\Local\Temp
OS=Windows_NT
PROCESSOR_IDENTIFIER=Intel64 Family 6 Model 186 Stepping 3, GenuineIntel
TMP=C:\Users\user\AppData\Local\Temp
TEMP=C:\Users\user\AppData\Local\Temp




Periodic native trim disabled

---------------  S Y S T E M  ---------------

OS:
 Windows 11 , 64 bit Build 26100 (10.0.26100.4484)
OS uptime: 0 days 7:58 hours

CPU: total 12 (initial active 12) (12 cores per cpu, 1 threads per core) family 6 model 186 stepping 3 microcode 0x410e, cx8, cmov, fxsr, mmx, 3dnowpref, sse, sse2, sse3, ssse3, sse4.1, sse4.2, popcnt, lzcnt, tsc, tscinvbit, avx, avx2, aes, erms, clmul, bmi1, bmi2, adx, sha, fma, vzeroupper, clflush, clflushopt, clwb, serialize, rdtscp, rdpid, fsrm, f16c, pku, cet_ibt, cet_ss
Processor Information for all 12 processors :
  Max Mhz: 1300, Current Mhz: 1300, Mhz Limit: 1300

Memory: 4k page, system-wide physical 16122M (1807M free)
TotalPageFile size 19122M (AvailPageFile size 17M)
current process WorkingSet (physical memory assigned to process): 390M, peak: 405M
current process commit charge ("private bytes"): 429M, peak: 444M

vm_info: Java HotSpot(TM) 64-Bit Server VM (21.0.6+8-LTS-188) for windows-amd64 JRE (21.0.6+8-LTS-188), built on 2024-12-03T10:50:54Z by "mach5one" with MS VC++ 17.6 (VS2022)

END.
